Microchip MPLAB XC8 Compiler V2.46

Linker command line:

-W-3 \
  --edf=C:\Program Files\Microchip\xc8\v2.46\pic\dat\20240104201356_en.msgs \
  -cn -h+dist/default/production\pocket-memory.production.sym \
  --cmf=dist/default/production\pocket-memory.production.cmf -z -Q18F25K22 \
  -oC:\Users\HELION~1\AppData\Local\Temp\xcAshks.\driver_tmp_3.o \
  --defsym=__MPLAB_BUILD=1 --fixupoverflow=error \
  -Mdist/default/production/pocket-memory.production.map \
  --md=C:\Users\HELION~1\AppData\Local\Temp\xcAshks.\driver_tmp_0.dat -E1 \
  -ver=XC8 Compiler --acfsm=1493 -ACODE=00h-07FFFh -ACONST=00h-07FFFh \
  -ASMALLCONST=0600h-06FFhx122 -AMEDIUMCONST=0600h-07FFFh -ACOMRAM=01h-05Fh \
  -AABS1=00h-05FFh -ABIGRAM=01h-05FFh -ARAM=060h-0FFh,0100h-01FFhx5 \
  -ABANK0=060h-0FFh -ABANK1=0100h-01FFh -ABANK2=0200h-02FFh \
  -ABANK3=0300h-03FFh -ABANK4=0400h-04FFh -ABANK5=0500h-05FFh \
  -ASFR=0F38h-0F5Fh,0F60h-0FFFh -ABIGSFR=0F38h-0FFFh \
  -ACONFIG=0300000h-030000Dh -AIDLOC=0200000h-0200007h \
  -AEEDATA=0F00000h-0F000FFh -peeprom_data=EEDATA \
  -preset_vec=00h,intcode=8h,intcodelo,powerup,init -pramtop=0600h \
  -psmallconst=SMALLCONST -pmediumconst=MEDIUMCONST -pconst=CONST \
  -AFARRAM=00h-00h \
  -prdata=COMRAM,nvrram=COMRAM,nvbit=COMRAM,rbss=COMRAM,rbit=COMRAM \
  -pfarbss=FARRAM,fardata=FARRAM,nvFARRAM=FARRAM \
  -pintsave_regs=BIGRAM,bigbss=BIGRAM,bigdata=BIGRAM -pbss=RAM \
  -pidata=CODE,irdata=CODE,ibigdata=CODE,ifardata=CODE -prparam=COMRAM \
  C:\Users\HELION~1\AppData\Local\Temp\xcAshks.\driver_tmp_9.o \
  dist/default/production\pocket-memory.production.o 

Object code version is 3.11

Machine type is 18F25K22



                Name                               Link     Load   Length Selector   Space Scale
C:\Users\HELION~1\AppData\Local\Temp\xcAshks.\driver_tmp_9.o
                config                           300000   300000        E        0       4
                init                                168      168        4        4       0
                reset_vec                             0        0        4        0       0
dist/default/production\pocket-memory.production.o
                intcode                               8        8      160        4       0
                config                           300000   300000        E        0       4
                temp                                 37       37        1        1       1
                smallconst                          600      600        2      300       0
                text16                              92E      92E       6A      301       0
                text14                              B2E      B2E       18      301       0
                text13                              776      776      106      301       0
                text12                              A3E      A3E       40      301       0
                text11                              B84      B84       12      301       0
                text10                              B46      B46       16      301       0
                text9                               87C      87C       B2      301       0
                text8                               B96      B96        E      301       0
                text7                               A7E      A7E       32      301       0
                text6                               AE0      AE0       2A      301       0
                text5                               B70      B70       14      301       0
                text4                               B5C      B5C       14      301       0
                text3                               B0A      B0A       24      301       0
                text2                               602      602      174      301       0
                text1                               998      998       60      301       0
                text0                               AB0      AB0       30      301       0
                cstackCOMRAM                          1        1       1A        1       1
                bssBANK0                             60       60       9A       60       1
                dataCOMRAM                           2A       2A        D        1       1
                bssCOMRAM                            1B       1B        F        1       1
                cinit                               9F8      9F8       46      301       0
                idataCOMRAM                         BA4      BA4        D      301       0

TOTAL           Name                               Link     Load   Length     Space
        CLASS   CODE           
                intcode                               8        8      160         0
                init                                168      168        4         0
                reset_vec                             0        0        4         0
                text16                              92E      92E       6A         0
                text14                              B2E      B2E       18         0
                text13                              776      776      106         0
                text12                              A3E      A3E       40         0
                text11                              B84      B84       12         0
                text10                              B46      B46       16         0
                text9                               87C      87C       B2         0
                text8                               B96      B96        E         0
                text7                               A7E      A7E       32         0
                text6                               AE0      AE0       2A         0
                text5                               B70      B70       14         0
                text4                               B5C      B5C       14         0
                text3                               B0A      B0A       24         0
                text2                               602      602      174         0
                text1                               998      998       60         0
                text0                               AB0      AB0       30         0
                cinit                               9F8      9F8       46         0
                idataCOMRAM                         BA4      BA4        D         0

        CLASS   CONST          

        CLASS   SMALLCONST     
                smallconst                          600      600        2         0

        CLASS   MEDIUMCONST    

        CLASS   COMRAM         
                temp                                 37       37        1         1
                cstackCOMRAM                          1        1       1A         1
                dataCOMRAM                           2A       2A        D         1
                bssCOMRAM                            1B       1B        F         1

        CLASS   ABS1           

        CLASS   BIGRAM         

        CLASS   RAM            

        CLASS   BANK0          
                bssBANK0                             60       60       9A         1

        CLASS   BANK1          

        CLASS   BANK2          

        CLASS   BANK3          

        CLASS   BANK4          

        CLASS   BANK5          

        CLASS   SFR            

        CLASS   BIGSFR         

        CLASS   CONFIG         
                config                           300000   300000        E         4

        CLASS   IDLOC          

        CLASS   EEDATA         

        CLASS   FARRAM         

        CLASS   HEAP           

        CLASS   STACK          



SEGMENTS        Name                           Load    Length   Top    Selector   Space  Class

                reset_vec                      000000  000004  000004         0       0  CODE    
                cstackCOMRAM                   000001  000037  000038         1       1  COMRAM  
                intcode                        000008  000164  00016C         4       0  CODE    
                bssBANK0                       000060  00009A  0000FA        60       1  BANK0   
                smallconst                     000600  000002  000602       300       0  SMALLCON
                text2                          000602  0005AF  000BB1       301       0  CODE    


UNUSED ADDRESS RANGES

        Name                Unused          Largest block    Delta
        BANK0            0000FA-0000FF                6
        BANK1            000100-0001FF              100
        BANK2            000200-0002FF              100
        BANK3            000300-0003FF              100
        BANK4            000400-0004FF              100
        BANK5            000500-0005FF              100
        BIGRAM           000038-00005F               28
                         0000FA-0005FF              506
        BIGSFR           000F38-000FFF               C8
        CODE             000004-000007                4
                         00016C-0005FF              494
                         000BB1-007FFF             744F
        COMRAM           000038-00005F               28
        CONST            000004-000007                4
                         00016C-0005FF              494
                         000BB1-007FFF             744F
        EEDATA           F00000-F000FF              100
        IDLOC            200000-200007                8
        MEDIUMCONST      000BB1-007FFF             744F
        RAM              0000FA-0005FF              100
        SFR              000F38-000FFF               28
        SMALLCONST       000BB1-007FFF              100

                                  Symbol Table

?___fltol                                cstackCOMRAM 00000C
EEPROM_Read@addr                         cstackCOMRAM 00000C
EEPROM_Write@addr                        cstackCOMRAM 00000D
EEPROM_Write@eep_data                    cstackCOMRAM 00000C
I2C2_Send@BYTE                           cstackCOMRAM 00000C
UART_Init@temp                           cstackCOMRAM 000016
UART_TransmitChar@data                   cstackCOMRAM 00000C
_ANSELCbits                              (abs)        000F3A
_EEADR                                   (abs)        000FA9
_EECON1bits                              (abs)        000FA6
_EECON2                                  (abs)        000FA7
_EEDATA                                  (abs)        000FA8
_EEPROM_Read                             text8        000B96
_EEPROM_Write                            text7        000A7E
_I2C2_Init                               text14       000B2E
_I2C2_Send                               text6        000AE0
_I2C2_Start                              text5        000B70
_I2C2_Stop                               text4        000B5C
_INTCONbits                              (abs)        000FF2
_OSCCON                                  (abs)        000FD3
_OSCTUNE                                 (abs)        000F9B
_PIE1bits                                (abs)        000F9D
_PIE2bits                                (abs)        000FA0
_PIR1bits                                (abs)        000F9E
_PIR2bits                                (abs)        000FA1
_RCREG                                   (abs)        000FAE
_RCSTA1                                  (abs)        000FAB
_SPBRG1                                  (abs)        000FAF
_SSP1ADD                                 (abs)        000FC8
_SSP1BUF                                 (abs)        000FC9
_SSP1CON1                                (abs)        000FC6
_SSP1CON2bits                            (abs)        000FC5
_SSP1STAT                                (abs)        000FC7
_TRISC6                                  (abs)        007CA6
_TRISC7                                  (abs)        007CA7
_TRISCbits                               (abs)        000F94
_TXREG                                   (abs)        000FAD
_TXSTA1                                  (abs)        000FAC
_UART_Init                               text12       000A3E
_UART_TransmitChar                       text10       000B46
__HRAM                                   (abs)        000000
__H__absolute__                          __absolute__ 000000
__Habs1                                  abs1         000000
__Hbank0                                 bank0        000000
__Hbank1                                 bank1        000000
__Hbank2                                 bank2        000000
__Hbank3                                 bank3        000000
__Hbank4                                 bank4        000000
__Hbank5                                 bank5        000000
__Hbigbss                                bigbss       000000
__Hbigdata                               bigdata      000000
__Hbigram                                bigram       000000
__Hbigsfr                                bigsfr       000000
__Hbss                                   bss          000000
__HbssBANK0                              bssBANK0     000000
__HbssCOMRAM                             bssCOMRAM    000000
__Hcinit                                 cinit        000000
__Hclrtext                               clrtext      000000
__Hcomram                                comram       000000
__Hconfig                                config       30000E
__Hconst                                 const        000000
__HcstackCOMRAM                          cstackCOMRAM 000000
__Hdata                                  data         000000
__HdataCOMRAM                            dataCOMRAM   000000
__Heeprom_data                           eeprom_data  000000
__Hfarbss                                farbss       000000
__Hfardata                               fardata      000000
__Hheap                                  heap         000000
__Hibigdata                              ibigdata     000000
__Hidata                                 idata        000000
__HidataCOMRAM                           idataCOMRAM  000000
__Hidloc                                 idloc        000000
__Hifardata                              ifardata     000000
__Hinit                                  init         00016C
__Hintcode                               intcode      000168
__Hintcode_body                          intcode_body 000000
__Hintcodelo                             intcodelo    000168
__Hintentry                              intentry     000000
__Hintret                                intret       000000
__Hintsave_regs                          intsave_regs 000000
__Hirdata                                irdata       000000
__Hmediumconst                           mediumconst  000000
__HnvFARRAM                              nvFARRAM     000000
__Hnvbit                                 nvbit        000000
__Hnvrram                                nvrram       000000
__Hparam                                 rparam       000000
__Hpowerup                               powerup      000168
__Hram                                   ram          000000
__Hramtop                                ramtop       000600
__Hrbit                                  rbit         000000
__Hrbss                                  rbss         000000
__Hrdata                                 rdata        000000
__Hreset_vec                             reset_vec    000004
__Hrparam                                rparam       000000
__Hsfr                                   sfr          000000
__Hsivt_hi                               sivt_hi      000000
__Hsivt_lo                               sivt_lo      000000
__Hsmallconst                            smallconst   000602
__Hspace_0                               (abs)        000BB1
__Hspace_1                               (abs)        0000FA
__Hspace_2                               (abs)        000000
__Hspace_4                               (abs)        60000E
__Hstack                                 stack        000000
__Hstruct                                struct       000000
__Htemp                                  temp         000038
__Htext                                  text         000000
__Htext0                                 text0        000000
__Htext1                                 text1        000000
__Htext10                                text10       000000
__Htext11                                text11       000000
__Htext12                                text12       000000
__Htext13                                text13       000000
__Htext14                                text14       000000
__Htext16                                text16       000000
__Htext2                                 text2        000000
__Htext3                                 text3        000000
__Htext4                                 text4        000000
__Htext5                                 text5        000000
__Htext6                                 text6        000000
__Htext7                                 text7        000000
__Htext8                                 text8        000000
__Htext9                                 text9        000000
__LRAM                                   (abs)        000001
__L__absolute__                          __absolute__ 000000
__Labs1                                  abs1         000000
__Lbank0                                 bank0        000000
__Lbank1                                 bank1        000000
__Lbank2                                 bank2        000000
__Lbank3                                 bank3        000000
__Lbank4                                 bank4        000000
__Lbank5                                 bank5        000000
__Lbigbss                                bigbss       000000
__Lbigdata                               bigdata      000000
__Lbigram                                bigram       000000
__Lbigsfr                                bigsfr       000000
__Lbss                                   bss          000000
__LbssBANK0                              bssBANK0     000000
__LbssCOMRAM                             bssCOMRAM    000000
__Lcinit                                 cinit        000000
__Lclrtext                               clrtext      000000
__Lcomram                                comram       000000
__Lconfig                                config       000000
__Lconst                                 const        000000
__LcstackCOMRAM                          cstackCOMRAM 000000
__Ldata                                  data         000000
__LdataCOMRAM                            dataCOMRAM   000000
__Leeprom_data                           eeprom_data  000000
__Lfarbss                                farbss       000000
__Lfardata                               fardata      000000
__Lheap                                  heap         000000
__Libigdata                              ibigdata     000000
__Lidata                                 idata        000000
__LidataCOMRAM                           idataCOMRAM  000000
__Lidloc                                 idloc        000000
__Lifardata                              ifardata     000000
__Linit                                  init         000168
__Lintcode                               intcode      000008
__Lintcode_body                          intcode_body 000000
__Lintcodelo                             intcodelo    000168
__Lintentry                              intentry     000000
__Lintret                                intret       000000
__Lintsave_regs                          intsave_regs 000000
__Lirdata                                irdata       000000
__Lmediumconst                           mediumconst  000000
__LnvFARRAM                              nvFARRAM     000000
__Lnvbit                                 nvbit        000000
__Lnvrram                                nvrram       000000
__Lparam                                 rparam       000000
__Lpowerup                               powerup      000168
__Lram                                   ram          000000
__Lramtop                                ramtop       000600
__Lrbit                                  rbit         000000
__Lrbss                                  rbss         000000
__Lrdata                                 rdata        000000
__Lreset_vec                             reset_vec    000000
__Lrparam                                rparam       000000
__Lsfr                                   sfr          000000
__Lsivt_hi                               sivt_hi      000000
__Lsivt_lo                               sivt_lo      000000
__Lsmallconst                            smallconst   000600
__Lspace_0                               (abs)        000000
__Lspace_1                               (abs)        000000
__Lspace_2                               (abs)        000000
__Lspace_4                               (abs)        000000
__Lstack                                 stack        000000
__Lstruct                                struct       000000
__Ltemp                                  temp         000037
__Ltext                                  text         000000
__Ltext0                                 text0        000000
__Ltext1                                 text1        000000
__Ltext10                                text10       000000
__Ltext11                                text11       000000
__Ltext12                                text12       000000
__Ltext13                                text13       000000
__Ltext14                                text14       000000
__Ltext16                                text16       000000
__Ltext2                                 text2        000000
__Ltext3                                 text3        000000
__Ltext4                                 text4        000000
__Ltext5                                 text5        000000
__Ltext6                                 text6        000000
__Ltext7                                 text7        000000
__Ltext8                                 text8        000000
__Ltext9                                 text9        000000
__S0                                     (abs)        000BB1
__S1                                     (abs)        0000FA
__S4                                     (abs)        000000
__S5                                     (abs)        000000
___fltol                                 text13       000776
___fltol@exp1                            cstackCOMRAM 000015
___fltol@f1                              cstackCOMRAM 00000C
___fltol@sign1                           cstackCOMRAM 000014
___heap_hi                               (abs)        000000
___heap_lo                               (abs)        000000
___inthi_sp                              stack        000000
___inthi_stack_hi                        stack        000000
___inthi_stack_lo                        stack        000000
___intlo_sp                              stack        000000
___intlo_stack_hi                        stack        000000
___intlo_stack_lo                        stack        000000
___param_bank                            (abs)        000000
___rparam_used                           (abs)        000001
___sp                                    stack        000000
___stack_hi                              stack        000000
___stack_lo                              stack        000000
__accesstop                              (abs)        000060
__activetblptr                           (abs)        000002
__end_of_EEPROM_Read                     text8        000BA4
__end_of_EEPROM_Write                    text7        000AB0
__end_of_I2C2_Init                       text14       000B46
__end_of_I2C2_Send                       text6        000B0A
__end_of_I2C2_Start                      text5        000B84
__end_of_I2C2_Stop                       text4        000B70
__end_of_UART_Init                       text12       000A7E
__end_of_UART_TransmitChar               text10       000B5C
__end_of___fltol                         text13       00087C
__end_of__initialization                 cinit        000A30
__end_of_createPingResponse              text11       000B96
__end_of_createResponse                  text1        0009F8
__end_of_isr                             intcode      000168
__end_of_main                            text0        000AE0
__end_of_processRequest                  text16       000998
__end_of_sendResponse                    text9        00092E
__end_of_writeByteAT24_EEPROM            text3        000B2E
__end_of_writeDataToEEPROM               text2        000776
__initialization                         cinit        0009F8
__mediumconst                            mediumconst  000000
__pbssBANK0                              bssBANK0     000060
__pbssCOMRAM                             bssCOMRAM    00001B
__pcinit                                 cinit        0009F8
__pcstackCOMRAM                          cstackCOMRAM 000001
__pdataCOMRAM                            dataCOMRAM   00002A
__pidataCOMRAM                           idataCOMRAM  000BA4
__pintcode                               intcode      000008
__psmallconst                            smallconst   000600
__ptext0                                 text0        000AB0
__ptext1                                 text1        000998
__ptext10                                text10       000B46
__ptext11                                text11       000B84
__ptext12                                text12       000A3E
__ptext13                                text13       000776
__ptext14                                text14       000B2E
__ptext16                                text16       00092E
__ptext2                                 text2        000602
__ptext3                                 text3        000B0A
__ptext4                                 text4        000B5C
__ptext5                                 text5        000B70
__ptext6                                 text6        000AE0
__ptext7                                 text7        000A7E
__ptext8                                 text8        000B96
__ptext9                                 text9        00087C
__ramtop                                 ramtop       000600
__smallconst                             smallconst   000600
_at24_eeprom_address                     bssCOMRAM    000025
_checkAck                                dataCOMRAM   000036
_createPingResponse                      text11       000B84
_createResponse                          text1        000998
_digits                                  dataCOMRAM   00002A
_end_sequence_flag                       bssCOMRAM    000027
_interrupt_flag                          bssCOMRAM    000029
_isr                                     intcode      000008
_main                                    text0        000AB0
_processRequest                          text16       00092E
_receiveData                             bssBANK0     000060
_requestBuffer                           bssBANK0     0000C8
_request_unit                            bssBANK0     000094
_responseBuffer                          bssCOMRAM    00001B
_sendResponse                            text9        00087C
_start_sequence_flag                     bssCOMRAM    000028
_timeout                                 dataCOMRAM   000034
_writeByteAT24_EEPROM                    text3        000B0A
_writeDataToEEPROM                       text2        000602
btemp                                    temp         000037
createResponse@ORDER_CODE                cstackCOMRAM 00001A
end_of_initialization                    cinit        000A30
int$flags                                temp         000037
intlevel0                                text         000000
intlevel1                                text         000000
intlevel2                                text         000000
intlevel3                                text         000000
isa$std                                  (abs)        000001
isa$xinst                                (abs)        000000
isr@receivedChar                         cstackCOMRAM 00000B
processRequest@buffer_index              cstackCOMRAM 000005
processRequest@i                         cstackCOMRAM 000001
processRequest@length_index              cstackCOMRAM 000003
sendResponse@index                       cstackCOMRAM 00000E
stackhi                                  (abs)        000000
stacklo                                  (abs)        000000
start                                    init         000168
start_initialization                     cinit        0009F8
ttemp5                                   temp         000038
ttemp6                                   temp         00003B
ttemp7                                   temp         00003F
writeByteAT24_EEPROM@address             cstackCOMRAM 00000D
writeByteAT24_EEPROM@data                cstackCOMRAM 00000F
writeDataToEEPROM@at24_eep_addr_H        cstackCOMRAM 000012
writeDataToEEPROM@at24_eep_addr_L        cstackCOMRAM 000013
writeDataToEEPROM@at24_eeprom_addr_start cstackCOMRAM 000016
writeDataToEEPROM@i                      cstackCOMRAM 000018
writeDataToEEPROM@payload_length         cstackCOMRAM 000014
wtemp8                                   temp         000038


MODULE INFORMATION

Module		Function		Class		Link	Load	Size
C:\Program Files\Microchip\xc8\v2.46\pic\sources\c99\common\fltol.c
		___fltol       		CODE           	0776	0000	262

C:\Program Files\Microchip\xc8\v2.46\pic\sources\c99\common\fltol.c estimated size: 262

i2c.c
		_I2C2_Init     		CODE           	0B2E	0000	24
		_I2C2_Send     		CODE           	0AE0	0000	42
		_I2C2_Stop     		CODE           	0B5C	0000	20
		_I2C2_Start    		CODE           	0B70	0000	20

i2c.c estimated size: 106

shared
		__initialization		CODE           	09F8	0000	56

shared estimated size: 56

main.c
		_writeByteAT24_EEPROM		CODE           	0B0A	0000	36
		_UART_TransmitChar		CODE           	0B46	0000	22
		_EEPROM_Read   		CODE           	0B96	0000	14
		_UART_Init     		CODE           	0A3E	0000	64
		_EEPROM_Write  		CODE           	0A7E	0000	50
		_main          		CODE           	0AB0	0000	48
		_processRequest		CODE           	092E	0000	106
		_writeDataToEEPROM		CODE           	0602	0000	372
		_isr           		CODE           	0008	0000	352
		_createPingResponse		CODE           	0B84	0000	18
		_createResponse		CODE           	0998	0000	96
		_sendResponse  		CODE           	087C	0000	178

main.c estimated size: 1356

